// Jest Snapshot v1, https://goo.gl/fbAQLP

exports[`Test in <GifItem/> Should be match with the snapshot 1`] = `
<div>
  <div
    class="card"
  >
    <img
      alt="Dragon ball"
      src="https://www.google.com/"
    />
    <p>
      Dragon ball
    </p>
  </div>
</div>
`;
